/home/brandyn/Documents/implementation/blah.ngc 1238542489
/home/brandyn/Documents/implementation/registration_core_0_wrapper.ngc 1238542300
/home/brandyn/Documents/implementation/proc_sys_reset_0_wrapper.ngc 1238541149
/home/brandyn/Documents/implementation/microblaze_0_wrapper.ngc 1238541149
/home/brandyn/Documents/implementation/mb_plb_wrapper.ngc 1238541149
/home/brandyn/Documents/implementation/lmb_bram_wrapper.ngc 1238541149
/home/brandyn/Documents/implementation/ilmb_cntlr_wrapper.ngc 1238541149
/home/brandyn/Documents/implementation/ilmb_wrapper.ngc 1238541149
/home/brandyn/Documents/implementation/dlmb_cntlr_wrapper.ngc 1238541149
/home/brandyn/Documents/implementation/dlmb_wrapper.ngc 1238541149
/home/brandyn/Documents/implementation/debug_module_wrapper.ngc 1238541149
/home/brandyn/Documents/implementation/clock_generator_0_wrapper.ngc 1238541149
/home/brandyn/Documents/implementation/rs232_uart_1_wrapper.ngc 1238541149
/home/brandyn/Documents/implementation/leds_8bit_wrapper.ngc 1238541149
OK
